[azurecreditunion.com/index.html]
[backblue.gif]
[fade.gif]
[index.html]
[azurecreditunion.com/feed/index.html]
[azurecreditunion.com/wp-content/cache/speedycache/azurecreditunion.com/assets/ftsswzcl/8f0rt.css]
[azurecreditunion.com/comments/feed/index.html]
[azurecreditunion.com/wp-content/cache/speedycache/azurecreditunion.com/assets/lplro701/8f0rt.css]
[azurecreditunion.com/wp-content/cache/speedycache/azurecreditunion.com/assets/kxy2zkp2/8f0rt.css]
[azurecreditunion.com/wp-content/plugins/elementor/assets/css/frontend-lite.min4ecf.css]
[azurecreditunion.com/wp-content/uploads/elementor/css/post-3992d9b.css]
[azurecreditunion.com/wp-content/plugins/elementor/assets/lib/eicons/css/elementor-icons.mind54b.css]
[azurecreditunion.com/wp-content/plugins/elementor/assets/lib/swiper/v8/css/swiper.min94a4.css]
[azurecreditunion.com/wp-content/uploads/elementor/css/post-59947ca.css]
[azurecreditunion.com/wp-content/cache/speedycache/azurecreditunion.com/assets/jo2lsnyo/8f0rt.css]
[azurecreditunion.com/wp-content/plugins/elementor/assets/lib/font-awesome/css/fontawesome.min52d5.css]
[azurecreditunion.com/wp-content/plugins/elementor/assets/lib/font-awesome/css/solid.min52d5.css]
[azurecreditunion.com/wp-content/plugins/elementor/assets/lib/font-awesome/css/brands.min52d5.css]
[azurecreditunion.com/wp-includes/js/jquery/jquery.minf43b.js]
[azurecreditunion.com/wp-includes/js/jquery/jquery-migrate.min5589.js]
[azurecreditunion.com/wp-json/wp/v2/pages/599.json]
[azurecreditunion.com/wp-json/index.html]
[azurecreditunion.com/xmlrpc0db0.php]
[azurecreditunion.com/wp-json/oembed/1.0/embedc963.json]
[azurecreditunion.com/wp-json/oembed/1.0/embeda3f6]
[azurecreditunion.com/wp-content/uploads/2023/10/Azure-Favicon-1.png]
[azurecreditunion.com/wp-content/uploads/2023/10/Azure-Logo-Black-2.png]
[azurecreditunion.com/wp-content/uploads/2023/10/Azure-Logo-White-2.png]
[azurecreditunion.com/about-us/index.html]
[dashboard.azurecreditunion.com/login.html]
[azurecreditunion.com/privacy-policy-2/index.html]
[azurecreditunion.com/contact-2/index.html]
[azurecreditunion.com/wp-content/plugins/elementor/assets/css/widget-icon-list.min.css]
[azurecreditunion.com/wp-content/uploads/2023/03/payment-solutions-balance-card.webp]
[azurecreditunion.com/wp-content/uploads/2023/03/payment-solutions-credit-card.webp]
[azurecreditunion.com/wp-content/uploads/2023/03/payment-solutions-worker-card.webp]
[affirm.uicore.co/business-consultant/wp-content/uploads/sites/2/2021/09/business-consultant-side-1.webp]
[affirm.uicore.co/business-consultant/wp-content/uploads/sites/2/2021/09/business-consultant-side-3.webp]
[affirm.uicore.co/business-consultant/wp-content/uploads/sites/2/2021/09/business-consultant-side-2.webp]
[azurecreditunion.com/wp-content/uploads/2023/10/Azure-Favicon.png]
[azurecreditunion.com/wp-content/uploads/2023/03/business-consultant-testimonial.webp]
[azurecreditunion.com/wp-content/uploads/2023/02/finance-hero-guy.webp]
[azurecreditunion.com/wp-content/uploads/2023/02/vault-finance-blog-post-3-1024x682.webp]
[azurecreditunion.com/wp-content/uploads/2023/02/finance-about-us-quality-service.webp]
[azurecreditunion.com/wp-content/cache/speedycache/azurecreditunion.com/assets/1b70s4jp/8f0rt.css]
[azurecreditunion.com/wp-content/plugins/contact-form-7/includes/swv/js/indexd9cd.js]
[azurecreditunion.com/wp-content/plugins/contact-form-7/includes/js/indexd9cd.js]
[azurecreditunion.com/wp-content/uploads/uicore-global31f3.js]
[code.jivosite.com/widget/sjnJdAv0IQb9cd]
[azurecreditunion.com/wp-content/plugins/uicore-framework/assets/js/elementor/widgets/fluida352.js]
[azurecreditunion.com/wp-content/plugins/elementor/assets/lib/jquery-numerator/jquery-numerator.min3958.js]
[azurecreditunion.com/wp-content/plugins/uicore-framework/assets/js/elementor/widgets/splita352.js]
[azurecreditunion.com/wp-content/plugins/gtranslate/js/floatef10.js]
[azurecreditunion.com/wp-content/plugins/elementor/assets/js/webpack.runtime.min4ecf.js]
[azurecreditunion.com/wp-content/plugins/bdthemes-element-pack/assets/js/bdt-uikit.min5829.js]
[azurecreditunion.com/wp-content/plugins/elementor/assets/js/frontend-modules.min4ecf.js]
[azurecreditunion.com/wp-includes/js/jquery/ui/core.min3f14.js]
[azurecreditunion.com/wp-content/plugins/elementor/assets/js/frontend.min4ecf.js]
[azurecreditunion.com/wp-content/plugins/bdthemes-element-pack/assets/js/common/helper.minaf33.js]
[azurecreditunion.com/index.html]
[gmpg.org/xfn/11.html]
[code.jivosite.com/index.html]
[azurecreditunion.com/wp-content/plugins/bdthemes-element-pack/images/backgrounds/divider-icon.40.delayed]
[azurecreditunion.com/wp-content/cache/speedycache/azurecreditunion.com/assets/ftsswzcl/8f0rt.css]
[azurecreditunion.com/wp-content/plugins/bdthemes-element-pack/assets/images/loading.svg]
[azurecreditunion.com/wp-content/cache/speedycache/azurecreditunion.com/assets/lplro701/8f0rt.css]
[azurecreditunion.com/wp-content/cache/speedycache/azurecreditunion.com/assets/kxy2zkp2/8f0rt.css]
[azurecreditunion.com/wp-content/plugins/elementor/assets/css/frontend-lite.min4ecf.css]
[azurecreditunion.com/wp-content/uploads/elementor/css/post-3992d9b.css]
[azurecreditunion.com/wp-content/plugins/elementor/assets/lib/eicons/fonts/eiconsc63f.eot]
[azurecreditunion.com/wp-content/plugins/elementor/assets/lib/eicons/fonts/eiconsc63f.woff2]
[azurecreditunion.com/wp-content/plugins/elementor/assets/lib/eicons/fonts/eiconsc63f.woff]
[azurecreditunion.com/wp-content/plugins/elementor/assets/lib/eicons/fonts/eiconsc63f.ttf]
[azurecreditunion.com/wp-content/plugins/elementor/assets/lib/eicons/css/elementor-icons.mind54b.css]
[azurecreditunion.com/wp-content/plugins/elementor/assets/lib/swiper/v8/css/swiper.min94a4.css]
[azurecreditunion.com/wp-content/uploads/elementor/css/post-59947ca.css]
[azurecreditunion.com/wp-content/plugins/elementor/assets/lib/eicons/fonts/eiconsc63f.svg]
[azurecreditunion.com/wp-content/img/select-arrow.svg]
[azurecreditunion.com/wp-content/cache/speedycache/azurecreditunion.com/assets/jo2lsnyo/8f0rt.css]
[fonts.gstatic.com/s/outfit/v11/QGYyz_MVcBeNP4NjuGObqx1XmO1I4TC0O4a0Fg.ttf]
[fonts.gstatic.com/s/outfit/v11/QGYyz_MVcBeNP4NjuGObqx1XmO1I4bC1O4a0Fg.ttf]
[fonts.gstatic.com/s/outfit/v11/QGYyz_MVcBeNP4NjuGObqx1XmO1I4W61O4a0Fg.ttf]
[fonts.gstatic.com/s/outfit/v11/QGYyz_MVcBeNP4NjuGObqx1XmO1I4TC1O4a0Fg.ttf]
[fonts.gstatic.com/s/outfit/v11/QGYyz_MVcBeNP4NjuGObqx1XmO1I4QK1O4a0Fg.ttf]
[fonts.gstatic.com/s/outfit/v11/QGYyz_MVcBeNP4NjuGObqx1XmO1I4e6yO4a0Fg.ttf]
[fonts.gstatic.com/s/outfit/v11/QGYyz_MVcBeNP4NjuGObqx1XmO1I4deyO4a0Fg.ttf]
[fonts.gstatic.com/s/outfit/v11/QGYyz_MVcBeNP4NjuGObqx1XmO1I4bCyO4a0Fg.ttf]
[fonts.gstatic.com/s/outfit/v11/QGYyz_MVcBeNP4NjuGObqx1XmO1I4ZmyO4a0Fg.ttf]
[fonts.gstatic.com/s/spacegrotesk/v16/V8mQoQDjQSkFtoMM3T6r8E7mF71Q-gOoraIAEj62UXskPMU.ttf]
[fonts.gstatic.com/s/spacegrotesk/v16/V8mQoQDjQSkFtoMM3T6r8E7mF71Q-gOoraIAEj7oUXskPMU.ttf]
[fonts.gstatic.com/s/spacegrotesk/v16/V8mQoQDjQSkFtoMM3T6r8E7mF71Q-gOoraIAEj7aUXskPMU.ttf]
[fonts.gstatic.com/s/spacegrotesk/v16/V8mQoQDjQSkFtoMM3T6r8E7mF71Q-gOoraIAEj42VnskPMU.ttf]
[fonts.googleapis.com/cssa318.css]
[azurecreditunion.com/wp-content/plugins/elementor/assets/lib/font-awesome/css/fontawesome.min52d5.css]
[fonts.gstatic.com/s/spacegrotesk/v16/V8mQoQDjQSkFtoMM3T6r8E7mF71Q-gOoraIAEj4PVnskPMU.ttf]
[azurecreditunion.com/wp-content/plugins/elementor/assets/lib/font-awesome/webfonts/fa-solid-900.eot]
[azurecreditunion.com/wp-content/plugins/elementor/assets/lib/font-awesome/webfonts/fa-solid-900.woff2]
[azurecreditunion.com/wp-content/plugins/elementor/assets/lib/font-awesome/webfonts/fa-solid-900d41d.eot]
[azurecreditunion.com/wp-content/plugins/elementor/assets/lib/font-awesome/webfonts/fa-solid-900.woff]
[azurecreditunion.com/wp-content/plugins/elementor/assets/lib/font-awesome/webfonts/fa-solid-900.ttf]
[azurecreditunion.com/wp-content/plugins/elementor/assets/lib/font-awesome/css/solid.min52d5.css]
[azurecreditunion.com/wp-content/plugins/elementor/assets/lib/font-awesome/webfonts/fa-solid-900.svg]
[azurecreditunion.com/wp-content/plugins/elementor/assets/lib/font-awesome/webfonts/fa-brands-400.eot]
[azurecreditunion.com/wp-content/plugins/elementor/assets/lib/font-awesome/webfonts/fa-brands-400d41d.eot]
[azurecreditunion.com/wp-content/plugins/elementor/assets/lib/font-awesome/webfonts/fa-brands-400.woff2]
[azurecreditunion.com/wp-content/plugins/elementor/assets/lib/font-awesome/webfonts/fa-brands-400.woff]
[azurecreditunion.com/wp-content/plugins/elementor/assets/lib/font-awesome/webfonts/fa-brands-400.ttf]
[azurecreditunion.com/wp-content/plugins/elementor/assets/lib/font-awesome/css/brands.min52d5.css]
[fonts.gstatic.com/index.html]
[code.tidio.co/index.html]
[azurecreditunion.com/wp-content/plugins/elementor/assets/lib/font-awesome/webfonts/fa-brands-400.svg]
[azurecreditunion.com/wp-content/uploads/elementor/css/post-193.6460e2.delayed]
[azurecreditunion.com/wp-json/wp/v2/pages/193.json]
[azurecreditunion.com/wp-json/oembed/1.0/embedcbee.json]
[azurecreditunion.com/wp-json/oembed/1.0/embedafe7]
[azurecreditunion.com/about-us/index.html]
[azurecreditunion.com/wp-content/uploads/elementor/css/post-59733c4.css]
[azurecreditunion.com/wp-json/wp/v2/pages/597.json]
[azurecreditunion.com/wp-json/oembed/1.0/embed9bd5.json]
[azurecreditunion.com/wp-json/oembed/1.0/embed0410]
[azurecreditunion.com/wp-content/cache/speedycache/azurecreditunion.com/assets/2qahjgv5/8il5e.css]
[azurecreditunion.com/wp-content/plugins/bdthemes-element-pack/assets/js/modules/ep-contact-form.minaf33.js]
[azurecreditunion.com/contact-2/index.html]
[azurecreditunion.com/wp-content/uploads/elementor/css/post-95360e2.css]
[azurecreditunion.com/wp-json/wp/v2/pages/953.json]
[azurecreditunion.com/wp-json/oembed/1.0/embedcdd4.json]
[azurecreditunion.com/privacy-policy-2/index.html]
[azurecreditunion.com/wp-json/oembed/1.0/embed69cc]
[dashboard.azurecreditunion.com/assets/img/favicon.ico]
[dashboard.azurecreditunion.com/bootstrap/css/bootstrap.min.css]
[dashboard.azurecreditunion.com/assets/css/plugins.css]
[dashboard.azurecreditunion.com/assets/css/authentication/form-2.css]
[dashboard.azurecreditunion.com/assets/css/forms/theme-checkbox-radio.css]
[dashboard.azurecreditunion.com/assets/css/forms/switches.css]
[dashboard.azurecreditunion.com/assets/css/pages/error/style-400.css]
[dashboard.azurecreditunion.com/assets/css/scrollspyNav.css]
[dashboard.azurecreditunion.com/plugins/animate/animate.css]
[dashboard.azurecreditunion.com/plugins/notification/snackbar/snackbar.min.css]
[dashboard.azurecreditunion.com/assets/css/elements/alert.css]
[dashboard.azurecreditunion.com/plugins/sweetalerts/promise-polyfill.js]
[dashboard.azurecreditunion.com/plugins/sweetalerts/sweetalert2.min.css]
[dashboard.azurecreditunion.com/plugins/sweetalerts/sweetalert.css]
[dashboard.azurecreditunion.com/assets/js/libs/jquery-3.1.1.min.js]
[dashboard.azurecreditunion.com/bootstrap/js/popper.min.js]
[dashboard.azurecreditunion.com/bootstrap/js/bootstrap.min.js]
[dashboard.azurecreditunion.com/plugins/perfect-scrollbar/perfect-scrollbar.min.js]
[dashboard.azurecreditunion.com/assets/js/app.js]
[dashboard.azurecreditunion.com/assets/js/authentication/form-2.js]
[dashboard.azurecreditunion.com/plugins/highlight/highlight.pack.js]
[dashboard.azurecreditunion.com/assets/js/custom.js]
[dashboard.azurecreditunion.com/plugins/notification/snackbar/snackbar.min.js]
[dashboard.azurecreditunion.com/assets/js/components/notification/custom-snackbar.js]
[dashboard.azurecreditunion.com/assets/js/scrollspyNav.js]
[dashboard.azurecreditunion.com/plugins/sweetalerts/sweetalert2.min.js]
[dashboard.azurecreditunion.com/plugins/sweetalerts/custom-sweetalert.js]
[dashboard.azurecreditunion.com/login.html]
[dashboard.azurecreditunion.com/signup/index.html]
[azurecreditunion.com/wp-content/plugins/elementor/assets/css/widget-icon-list.min.css]
[dashboard.azurecreditunion.com/signup/verify-registration.html]
[azurecreditunion.com/wp-content/cache/speedycache/azurecreditunion.com/assets/1b70s4jp/8f0rt.css]
[gmpg.org/xfn/default.css]
[gmpg.org/xfn/.html]
[gmpg.org/xfn/pix/intro/five-met.gif]
[gmpg.org/xfn/pix/intro/five-acqfr.gif]
[gmpg.org/xfn/pix/intro/five-prof.gif]
[gmpg.org/xfn/pix/intro/five-lovefam.gif]
[gmpg.org/xfn/intro.html]
[gmpg.org/xfn/faq.html]
[gmpg.org/xfn/thanks.html]
[azurecreditunion.com/wp-content/plugins/bdthemes-element-pack/images/backgrounds/divider-icon.html]
[azurecreditunion.com/wp-content/plugins/bdthemes-element-pack/assets/images/loading.svg]
[azurecreditunion.com/wp-content/plugins/elementor/assets/lib/eicons/fonts/eiconsc63f.svg]
[azurecreditunion.com/wp-content/img/select-arrow.html]
[azurecreditunion.com/wp-content/plugins/elementor/assets/lib/font-awesome/webfonts/fa-solid-900.svg]
[azurecreditunion.com/wp-content/plugins/elementor/assets/lib/font-awesome/webfonts/fa-brands-400.svg]
[azurecreditunion.com/wp-content/uploads/elementor/css/post-19360e2.html]
[fonts.googleapis.com/css31fe.css]
[azurecreditunion.com/index28c5.html]
[azurecreditunion.com/wp-content/uploads/elementor/css/post-59733c4.html]
[azurecreditunion.com/index53ba.html]
[azurecreditunion.com/wp-content/cache/speedycache/azurecreditunion.com/assets/2qahjgv5/8il5e.css]
[azurecreditunion.com/wp-content/uploads/elementor/css/post-95360e2.html]
[azurecreditunion.com/index342f.html]
[fonts.gstatic.com/s/quicksand/v31/6xK-dSZaM9iE8KbpRA_LJ3z8mH9BOJvgkM0o58a-xw.ttf]
[fonts.gstatic.com/s/quicksand/v31/6xK-dSZaM9iE8KbpRA_LJ3z8mH9BOJvgkCEv58a-xw.ttf]
[fonts.googleapis.com/cssa1f9.css]
[dashboard.azurecreditunion.com/bootstrap/css/bootstrap.min.css]
[fonts.gstatic.com/s/quicksand/v31/6xK-dSZaM9iE8KbpRA_LJ3z8mH9BOJvgkBgv58a-xw.ttf]
[dashboard.azurecreditunion.com/assets/css/main.css]
[dashboard.azurecreditunion.com/plugins/perfect-scrollbar/perfect-scrollbar.css]
[dashboard.azurecreditunion.com/assets/css/structure.css]
[dashboard.azurecreditunion.com/assets/css/plugins.css]
[dashboard.azurecreditunion.com/plugins/highlight/styles/monokai-sublime.css]
[dashboard.azurecreditunion.com/assets/css/authentication/form-2.css]
[dashboard.azurecreditunion.com/assets/css/forms/theme-checkbox-radio.css]
[dashboard.azurecreditunion.com/assets/css/forms/switches.css]
[dashboard.azurecreditunion.com/assets/css/pages/error/style-400.css]
[dashboard.azurecreditunion.com/assets/css/scrollspyNav.css]
[dashboard.azurecreditunion.com/plugins/animate/animate.css]
[dashboard.azurecreditunion.com/plugins/notification/snackbar/snackbar.min.css]
[dashboard.azurecreditunion.com/assets/img/ab-1.jpg]
[dashboard.azurecreditunion.com/assets/css/elements/alert.css]
[dashboard.azurecreditunion.com/plugins/sweetalerts/sweetalert2.min.css]
[dashboard.azurecreditunion.com/plugins/sweetalerts/sweetalert.css]
[dashboard.azurecreditunion.com/assets/css/components/custom-sweetalert.css]
[dashboard.azurecreditunion.com/signup/formcss.css]
[dashboard.azurecreditunion.com/signup/formjs.js]
[dashboard.azurecreditunion.com/signup/verify-registration.html]
[gmpg.org/xfn/index.html]
[gmpg.org/xfn/join.html]
[gmpg.org/xfn/background.html]
[gmpg.org/xfn/xfn-btn.gif]
[gmpg.org/xfn/tools.html]
[gmpg.org/xfn/pix/mememememe.png]
[gmpg.org/xfn/and/index.html]
[gmpg.org/xfn/helping.html]
[gmpg.org/xfn/feedback.html]
[gmpg.org/xfn/creator.html]
[gmpg.org/xfn/xfn-mini.gif]
[gmpg.org/xfn/more.html]
[gmpg.org/xfn/press.html]
[gmpg.org/xfn/index-2.html]
[dashboard.azurecreditunion.com/assets/css/main.css]
[dashboard.azurecreditunion.com/plugins/perfect-scrollbar/perfect-scrollbar.css]
[dashboard.azurecreditunion.com/assets/img/arrow-down.png]
[dashboard.azurecreditunion.com/assets/img/01.jpg]
[dashboard.azurecreditunion.com/assets/css/structure.css]
[dashboard.azurecreditunion.com/plugins/highlight/styles/monokai-sublime.css]
[dashboard.azurecreditunion.com/signup/form-wizard-bg-2.jpg]
[dashboard.azurecreditunion.com/signup/formcss.css]
[code.tidio.co_443/gdw2h1tkrrgccilqaawnny4gdizlfzzk.js]
[gmpg.org/xfn/creator-fr.html]
[gmpg.org/xfn/creator-it.html]
[gmpg.org/xfn/creator-es.html]
[gmpg.org/xfn/creator-nl.html]
[gmpg.org/xfn/creator-cs.html]
[gmpg.org/xfn/creator-ja.html]
[gmpg.org/xfn/and/foaf.html]
[gmpg.org/xfn/and/index-2.html]
[gmpg.org/xfn/count.css]
[code.tidio.co_443/index.html]
[fonts.gstatic.com/s/quicksand/v31/6xK-dSZaM9iE8KbpRA_LJ3z8mH9BOJvgkP8o58a-xw.ttf]
[gmpg.org/xfn/1]
